                :-) GROMACS - gmx mdrun, 2026.0-conda_forge (-:

Copyright 1991-2026 The GROMACS Authors.
GROMACS is free software; you can redistribute it and/or modify it
under the terms of the GNU Lesser General Public License
as published by the Free Software Foundation; either version 2.1
of the License, or (at your option) any later version.

                         Current GROMACS contributors:
       Mark Abraham           Andrey Alekseenko           Brian Andrews       
        Paul Bauer              Cathrine Bergh              Hugh Bird         
      Eliane Briand               Ania Brown                Yiqi Chen         
      Mahesh Doijade            Giacomo Fiorin          Stefan Fleischmann    
      Sergey Gorelov         Gilles Gouaillardet            Alan Gray         
   Farzaneh Jalalypour         Petter Johansson          Carsten Kutzner      
    Grzegorz Łazarski         Justin A. Lemkul          Magnus Lundborg      
        Julio Maia               Pascal Merz             Vedran Miletić      
      Dmitry Morozov           Lukas Müllender           Szilárd Páll      
 Andrea Pasquadibisceglie     Michele Pellegrino         Nicola Piasentin     
     Daniele Rapetti         Muhammad Umair Sadiq         Hubert Santuz       
      Michael Shirts           Tatiana Shugaeva          Alexey Shvetsov      
     Bálint Soproni            Philip Turner            Alessandra Villa     
        Yang Zhang        

                         Previous GROMACS contributors:
        Emile Apol             Rossen Apostolov           James Barnett       
      Vladimir Basov        Herman J.C. Berendsen          Par Bjelkmar       
      Christian Blau          Viacheslav Bolnykh            Kevin Boyd        
    Aldert van Buuren          Carlo Camilloni           Rudi van Drunen      
      Anton Feenstra           Oliver Fleetwood            Vytas Gapsys       
       Gaurav Garg             Gerrit Groenhof            Bert de Groot       
      Anca Hamuraru           Vincent Hindriksen          Victor Holanda      
     M. Eric Irrgang           Aleksei Iupinov              Joe Jordan        
    Christoph Junghans        Prashanth Kanduri        Dimitrios Karkoulis    
       Peter Kasson             Sebastian Kehl           Sebastian Keller     
        Jiri Kraus               Per Larsson              Viveca Lindahl      
      Erik Marklund           Pieter Meulenhoff           Teemu Murtola       
       Julien Nabet              Sander Pronk             Roland Schulz       
      Alfons Sijbers         David van der Spoel          Peter Tieleman      
      Carsten Uphoff             Jon Vincent             Teemu Virolainen     
    Christian Wennberg     Sebastian Wingbermühle         Maarten Wolf       
      Artem Zhmurov       

                  Coordinated by the GROMACS project leaders:
                           Berk Hess and Erik Lindahl

GROMACS:      gmx mdrun, version 2026.0-conda_forge
Executable:   /root/miniconda3/envs/gromacs-cuda/bin.AVX2_256/gmx
Data prefix:  /root/miniconda3/envs/gromacs-cuda
Working dir:  /root/collagen2
Process ID:   68271
Command line:
  gmx mdrun -s cg_md_noW_may19.tpr -deffnm repro_noW_cfg2 -ntmpi 1 -ntomp 20 -gpu_id 0 -nb gpu -rdd 3.9 -nsteps 100000 -resethway -noconfout

GROMACS version:     2026.0-conda_forge
Precision:           mixed
Memory model:        64 bit
MPI library:         thread_mpi
MPI version:         built in
OpenMP support:      enabled (GMX_OPENMP_MAX_THREADS = 128)
GPU support:         CUDA
NBNxM GPU setup:     super-cluster 2x2x2 / cluster 8 (cluster-pair splitting on)
SIMD instructions:   AVX2_256
CPU FFT library:     fftw-3.3.11-sse2-avx
GPU FFT library:     cuFFT
Multi-GPU FFT:       none
RDTSCP:              disabled
TNG support:         enabled
Hwloc support:       disabled
Tracing support:     disabled
Colvars support:     enabled (version 2025-10-13)
CP2K support:        disabled
Torch support:       disabled
Plumed support:      enabled
C compiler:          /home/conda/feedstock_root/build_artifacts/gromacs_1770909930561/_build_env/bin/x86_64-conda-linux-gnu-cc GNU 14.3.0
C compiler flags:    -fexcess-precision=fast -funroll-all-loops -mavx2 -mfma -Wno-missing-field-initializers -O3 -DNDEBUG
C++ compiler:        /home/conda/feedstock_root/build_artifacts/gromacs_1770909930561/_build_env/bin/x86_64-conda-linux-gnu-c++ GNU 14.3.0
C++ compiler flags:  -fexcess-precision=fast -funroll-all-loops -mavx2 -mfma -Wno-missing-field-initializers -Wno-stringop-truncation -Wno-cast-function-type-strict SHELL:-fopenmp -O3 -DNDEBUG
BLAS library:        Internal
LAPACK library:      Internal
CUDA compiler:       /root/miniconda3/envs/gromacs-cuda/bin/nvcc (NVIDIA 12.9.86)
CUDA compiler flags:  -O3 -DNDEBUG -use_fast_math -static-global-template-stub=false -Xptxas=-warn-double-usage -Xptxas=-Werror -diag-suppress=177 -use_fast_math -static-global-template-stub=false -Xptxas=-warn-double-usage -Xptxas=-Werror -diag-suppress=177 -O3 -DNDEBUG
CUDA targets:        50;52-real;60-real;61-real;70-real;75-real;80-real;86-real;89-real;90-real;120
CUDA driver:         12.80
CUDA runtime:        12.90
NVSHMEM:             disabled


Running on 1 node with total 8 cores, 8 processing units, 1 compatible GPU
Hardware detected on host simatomic-dev-e9620b69-51-159-154-28:
  CPU info:
    Vendor: AMD
    Brand:  AMD EPYC 7413 24-Core Processor                
    Family: 25   Model: 1   Stepping: 1
    Features: aes amd apic avx avx2 clfsh cmov cx8 cx16 f16c fma htt lahf misalignsse mmx msr pcid pclmuldq pdpe1gb popcnt pse rdrnd rdtscp sha sse2 sse3 sse4a sse4.1 sse4.2 ssse3 tdt x2apic
  Hardware topology: Basic
    Packages, cores, and logical processors:
    [indices refer to OS logical processors]
      Package  0: [   0] [   1] [   2] [   3] [   4] [   5] [   6] [   7]
    CPU limit set by OS: -1   Recommended max number of threads: 8
  GPU info:
    Number of GPUs detected: 1
    #0: NVIDIA NVIDIA L40S, compute cap.: 8.9, ECC: yes, stat: compatible

The current CPU can measure timings more accurately than the code in
gmx mdrun was configured to use. This might affect your simulation
speed as accurate timings are needed for load-balancing.
Please consider rebuilding gmx mdrun with the GMX_USE_RDTSCP=ON CMake option.

++++ PLEASE READ AND CITE THE FOLLOWING REFERENCE ++++
M. J. Abraham, T. Murtola, R. Schulz, S. Páll, J. C. Smith, B. Hess, E.
Lindahl
GROMACS: High performance molecular simulations through multi-level
parallelism from laptops to supercomputers
SoftwareX (2015)
https://doi.org/10.1016/j.softx.2015.06.001
-------- -------- --- Thank You --- -------- --------


++++ PLEASE READ AND CITE THE FOLLOWING REFERENCE ++++
S. Páll, M. J. Abraham, C. Kutzner, B. Hess, E. Lindahl
Tackling Exascale Software Challenges in Molecular Dynamics Simulations with
GROMACS
In S. Markidis & E. Laure (Eds.), Solving Software Challenges for Exascale (2015)
https://doi.org/10.1007/978-3-319-15976-8_1
-------- -------- --- Thank You --- -------- --------


++++ PLEASE READ AND CITE THE FOLLOWING REFERENCE ++++
S. Pronk, S. Páll, R. Schulz, P. Larsson, P. Bjelkmar, R. Apostolov, M. R.
Shirts, J. C. Smith, P. M. Kasson, D. van der Spoel, B. Hess, E. Lindahl
GROMACS 4.5: a high-throughput and highly parallel open source molecular
simulation toolkit
Bioinformatics (2013)
https://doi.org/10.1093/bioinformatics/btt055
-------- -------- --- Thank You --- -------- --------


++++ PLEASE READ AND CITE THE FOLLOWING REFERENCE ++++
B. Hess, C. Kutzner, D. van der Spoel, E. Lindahl
GROMACS 4: Algorithms for highly efficient, load-balanced, and scalable
molecular simulation
J. Chem. Theory Comput. (2008)
https://doi.org/10.1021/ct700301q
-------- -------- --- Thank You --- -------- --------


++++ PLEASE READ AND CITE THE FOLLOWING REFERENCE ++++
D. van der Spoel, E. Lindahl, B. Hess, G. Groenhof, A. E. Mark, H. J. C.
Berendsen
GROMACS: Fast, Flexible and Free
J. Comp. Chem. (2005)
https://doi.org/10.1002/jcc.20291
-------- -------- --- Thank You --- -------- --------


++++ PLEASE READ AND CITE THE FOLLOWING REFERENCE ++++
E. Lindahl, B. Hess, D. van der Spoel
GROMACS 3.0: A package for molecular simulation and trajectory analysis
J. Mol. Mod. (2001)
https://doi.org/10.1007/s008940100045
-------- -------- --- Thank You --- -------- --------


++++ PLEASE READ AND CITE THE FOLLOWING REFERENCE ++++
H. J. C. Berendsen, D. van der Spoel and R. van Drunen
GROMACS: A message-passing parallel molecular dynamics implementation
Comp. Phys. Comm. (1995)
https://doi.org/10.1016/0010-4655(95)00042-E
-------- -------- --- Thank You --- -------- --------

Input Parameters:
   integrator                     = md
   tinit                          = 0
   dt                             = 0.0055
   nsteps                         = 20000000
   init-step                      = 0
   simulation-part                = 1
   mts                            = false
   mass-repartition-factor        = 1
   comm-mode                      = Linear
   nstcomm                        = 100
   bd-fric                        = 0
   ld-seed                        = -704717833
   emtol                          = 10
   emstep                         = 0.01
   niter                          = 20
   fcstep                         = 0
   nstcgsteep                     = 1000
   nbfgscorr                      = 10
   rtpi                           = 0.05
   nstxout                        = 0
   nstvout                        = 0
   nstfout                        = 0
   nstlog                         = 1000
   nstcalcenergy                  = 100
   nstenergy                      = 1000
   nstxout-compressed             = 1000
   compressed-x-precision         = 1000
   cutoff-scheme                  = Verlet
   nstlist                        = 20
   pbc                            = xyz
   periodic-molecules             = false
   verlet-buffer-tolerance        = -1
   verlet-buffer-pressure-tolerance = -1
   rlist                          = 1.35
   coulombtype                    = Reaction-Field
   coulomb-modifier               = Potential-shift
   rcoulomb-switch                = 0
   rcoulomb                       = 1.1
   epsilon-r                      = 15
   epsilon-rf                     = inf
   vdw-type                       = Cut-off
   vdw-modifier                   = Potential-shift
   rvdw-switch                    = 0
   rvdw                           = 1.1
   DispCorr                       = No
   table-extension                = 1
   fourierspacing                 = 0.12
   fourier-nx                     = 0
   fourier-ny                     = 0
   fourier-nz                     = 0
   pme-order                      = 4
   ewald-rtol                     = 1e-05
   ewald-rtol-lj                  = 0.001
   lj-pme-comb-rule               = Geometric
   ewald-geometry                 = 3d
   epsilon-surface                = 0
   ensemble-temperature-setting   = constant
   ensemble-temperature           = 303
   tcoupl                         = V-rescale
   nsttcouple                     = 50
   nh-chain-length                = 0
   print-nose-hoover-chain-variables = false
   pcoupl                         = Parrinello-Rahman
   pcoupltype                     = Isotropic
   nstpcouple                     = 100
   tau-p                          = 12
   compressibility (3x3):
      compressibility[    0]={ 3.00000e-04,  0.00000e+00,  0.00000e+00}
      compressibility[    1]={ 0.00000e+00,  3.00000e-04,  0.00000e+00}
      compressibility[    2]={ 0.00000e+00,  0.00000e+00,  3.00000e-04}
   ref-p (3x3):
      ref-p[    0]={ 1.00000e+00,  0.00000e+00,  0.00000e+00}
      ref-p[    1]={ 0.00000e+00,  1.00000e+00,  0.00000e+00}
      ref-p[    2]={ 0.00000e+00,  0.00000e+00,  1.00000e+00}
   refcoord-scaling               = COM
   posres-com (0x3):
   posres-comB (0x3):
   QMMM                           = false
qm-opts:
   ngQM                           = 0
   constraint-algorithm           = Lincs
   continuation                   = false
   Shake-SOR                      = false
   shake-tol                      = 0.0001
   lincs-order                    = 4
   lincs-iter                     = 1
   lincs-warnangle                = 30
   nwall                          = 0
   wall-type                      = 9-3
   wall-r-linpot                  = -1
   wall-atomtype[0]               = -1
   wall-atomtype[1]               = -1
   wall-density[0]                = 0
   wall-density[1]                = 0
   wall-ewald-zfac                = 3
   pull                           = false
   awh                            = false
   rotation                       = false
   interactiveMD                  = false
   disre                          = No
   disre-weighting                = Conservative
   disre-mixed                    = false
   dr-fc                          = 1000
   dr-tau                         = 0
   nstdisreout                    = 100
   orire-fc                       = 0
   orire-tau                      = 0
   nstorireout                    = 100
   free-energy                    = no
   cos-acceleration               = 0
   deform (3x3):
      deform[    0]={ 0.00000e+00,  0.00000e+00,  0.00000e+00}
      deform[    1]={ 0.00000e+00,  0.00000e+00,  0.00000e+00}
      deform[    2]={ 0.00000e+00,  0.00000e+00,  0.00000e+00}
   simulated-tempering            = false
   swapcoords                     = no
   userint1                       = 0
   userint2                       = 0
   userint3                       = 0
   userint4                       = 0
   userreal1                      = 0
   userreal2                      = 0
   userreal3                      = 0
   userreal4                      = 0
   applied-forces:
     electric-field:
       x:
         E0                       = 0
         omega                    = 0
         t0                       = 0
         sigma                    = 0
       y:
         E0                       = 0
         omega                    = 0
         t0                       = 0
         sigma                    = 0
       z:
         E0                       = 0
         omega                    = 0
         t0                       = 0
         sigma                    = 0
     density-guided-simulation:
       active                     = false
       group                      = protein
       similarity-measure         = inner-product
       atom-spreading-weight      = unity
       force-constant             = 1e+09
       gaussian-transform-spreading-width = 0.2
       gaussian-transform-spreading-range-in-multiples-of-width = 4
       reference-density-filename = reference.mrc
       nst                        = 1
       normalize-densities        = true
       adaptive-force-scaling     = false
       adaptive-force-scaling-time-constant = 4
       shift-vector               = 
       transformation-matrix      = 
     qmmm-cp2k:
       active                     = false
       qmgroup                    = System
       qmmethod                   = PBE
       qmfilenames                = 
       qmcharge                   = 0
       qmmultiplicity             = 1
grpopts:
   nrdf:      131605      509896
   ref-t:         303         303
   tau-t:           2           2
annealing:          No          No
annealing-npoints:           0           0
   acc:	           0           0           0
   nfreeze:           N           N           N
   energygrp-flags[  0]: 0


The -nsteps functionality is deprecated, and may be removed in a future version. Consider using gmx convert-tpr -nsteps or changing the appropriate .mdp file field.

Overriding nsteps with value passed on the command line: 100000 steps, 550 ps
Can not increase nstlist because verlet-buffer-tolerance is not set or used

Update groups can not be used for this system because an incompatible virtual site type is used

Update task can not run on the GPU, because the following condition(s) were not satisfied:
  Virtual sites are not supported.
  Triangle constraints are not supported.

Local state does not use filler particles

1 GPU selected for this run.
Mapping of GPU IDs to the 1 GPU task in the 1 rank on this node:
  PP:0
PP tasks will do non-perturbed short-ranged interactions on the GPU
PP task will update and constrain coordinates on the CPU
Using 1 MPI thread
Using 20 OpenMP threads 


WARNING: Oversubscribing the recommended max load of 8 logical CPUs with 20 threads.
         This will cause considerable performance loss.
System total charge: -0.000
Reaction-Field:
epsRF = 0, rc = 1.1, krf = 0.375657, crf = 1.36364, epsfac = 9.26236
The electrostatics potential has its minimum at r = 1.1
Potential shift: LJ r^-12: -3.186e-01 r^-6: -5.645e-01
Generated table with 1175 data points for 1-4 COUL.
Tabscale = 500 points/nm
Generated table with 1175 data points for 1-4 LJ6.
Tabscale = 500 points/nm
Generated table with 1175 data points for 1-4 LJ12.
Tabscale = 500 points/nm


Using GPU 8x4 nonbonded short-range kernels

NBNxM GPU setup: super-cluster 2x2x2

Using a 8x8 pair-list setup:
  updated every 20 steps, buffer 0.250 nm, rlist 1.350 nm

The average pressure is off by at most 0.00 bar due to missing LJ interactions

Using full Lennard-Jones parameter combination matrix
Removing pbc first time

NOTE: Oversubscribing available/permitted CPUs, will not pin threads

Initializing LINear Constraint Solver

++++ PLEASE READ AND CITE THE FOLLOWING REFERENCE ++++
B. Hess
P-LINCS: A Parallel Linear Constraint Solver for molecular simulation
J. Chem. Theory Comput. (2008)
https://doi.org/10.1021/ct700200b
-------- -------- --- Thank You --- -------- --------

The number of constraints is 8524
1901 constraints are involved in constraint triangles,
will apply an additional matrix expansion of order 4 for couplings
between constraints inside triangles

The -noconfout functionality is deprecated, and may be removed in a future version.

++++ PLEASE READ AND CITE THE FOLLOWING REFERENCE ++++
G. Bussi, D. Donadio, M. Parrinello
Canonical sampling through velocity rescaling
J. Chem. Phys. (2007)
https://doi.org/10.1063/1.2408420
-------- -------- --- Thank You --- -------- --------

There are: 216676 Atoms
There are: 26118 VSites

Constraining the starting coordinates (step 0)

Constraining the coordinates at t0-dt (step 0)
Center of mass motion removal mode is Linear
We have the following groups for center of mass motion removal:
  0:  rest
RMS relative constraint deviation after constraining: 1.11e-05
Initial temperature: 309.687 K

Started mdrun on rank 0 Mon May 18 19:42:08 2026


The -resethway functionality is deprecated, and may be removed in a future version.
           Step           Time
              0        0.00000

   Energies (kJ/mol)
           Bond          Angle       G96Angle    Proper Dih.          LJ-14
    5.58657e+04    3.35465e+04    1.98734e+04    3.43266e+04   -3.05171e+05
     Coulomb-14        LJ (SR)   Coulomb (SR)      Potential    Kinetic En.
    0.00000e+00   -4.93457e+06   -3.97130e+04   -5.13584e+06    8.24427e+05
   Total Energy  Conserved En.    Temperature Pressure (bar)   Constr. rmsd
   -4.31141e+06   -4.30999e+06    3.09137e+02   -7.10037e+01    1.92382e-05

           Step           Time
           1000        5.50000

   Energies (kJ/mol)
           Bond          Angle       G96Angle    Proper Dih.          LJ-14
    5.44802e+04    3.49096e+04    1.93674e+04    3.66725e+04   -3.01763e+05
     Coulomb-14        LJ (SR)   Coulomb (SR)      Potential    Kinetic En.
    0.00000e+00   -4.95892e+06   -3.95341e+04   -5.15479e+06    8.10181e+05
   Total Energy  Conserved En.    Temperature Pressure (bar)   Constr. rmsd
   -4.34461e+06   -4.30913e+06    3.03795e+02   -4.50690e+01    1.84214e-05

           Step           Time
           2000       11.00000

   Energies (kJ/mol)
           Bond          Angle       G96Angle    Proper Dih.          LJ-14
    5.47263e+04    3.49533e+04    1.93359e+04    3.68512e+04   -3.02261e+05
     Coulomb-14        LJ (SR)   Coulomb (SR)      Potential    Kinetic En.
    0.00000e+00   -4.96787e+06   -3.95272e+04   -5.16379e+06    8.05787e+05
   Total Energy  Conserved En.    Temperature Pressure (bar)   Constr. rmsd
   -4.35800e+06   -4.30881e+06    3.02147e+02   -3.70565e+01    1.70703e-05

           Step           Time
           3000       16.50000

   Energies (kJ/mol)
           Bond          Angle       G96Angle    Proper Dih.          LJ-14
    5.40987e+04    3.49891e+04    1.93127e+04    3.63910e+04   -3.02424e+05
     Coulomb-14        LJ (SR)   Coulomb (SR)      Potential    Kinetic En.
    0.00000e+00   -4.97537e+06   -3.95122e+04   -5.17251e+06    8.07821e+05
   Total Energy  Conserved En.    Temperature Pressure (bar)   Constr. rmsd
   -4.36469e+06   -4.30835e+06    3.02910e+02   -3.61917e+01    1.90213e-05

           Step           Time
           4000       22.00000

   Energies (kJ/mol)
           Bond          Angle       G96Angle    Proper Dih.          LJ-14
    5.42066e+04    3.44535e+04    1.91481e+04    3.65896e+04   -3.02599e+05
     Coulomb-14        LJ (SR)   Coulomb (SR)      Potential    Kinetic En.
    0.00000e+00   -4.98019e+06   -3.95924e+04   -5.17799e+06    8.08039e+05
   Total Energy  Conserved En.    Temperature Pressure (bar)   Constr. rmsd
   -4.36995e+06   -4.30842e+06    3.02992e+02   -4.16921e+00    1.80079e-05

           Step           Time
           5000       27.50000

   Energies (kJ/mol)
           Bond          Angle       G96Angle    Proper Dih.          LJ-14
    5.37604e+04    3.44647e+04    1.92213e+04    3.60493e+04   -3.03294e+05
     Coulomb-14        LJ (SR)   Coulomb (SR)      Potential    Kinetic En.
    0.00000e+00   -4.98503e+06   -3.96201e+04   -5.18445e+06    8.09361e+05
   Total Energy  Conserved En.    Temperature Pressure (bar)   Constr. rmsd
   -4.37509e+06   -4.30837e+06    3.03487e+02    1.08011e+01    1.74687e-05

           Step           Time
           6000       33.00000

   Energies (kJ/mol)
           Bond          Angle       G96Angle    Proper Dih.          LJ-14
    5.38559e+04    3.39121e+04    1.91163e+04    3.60564e+04   -3.02326e+05
     Coulomb-14        LJ (SR)   Coulomb (SR)      Potential    Kinetic En.
    0.00000e+00   -4.98760e+06   -3.96442e+04   -5.18663e+06    8.10504e+05
   Total Energy  Conserved En.    Temperature Pressure (bar)   Constr. rmsd
   -4.37613e+06   -4.30826e+06    3.03916e+02    5.73851e+00    1.57999e-05

           Step           Time
           7000       38.50000

   Energies (kJ/mol)
           Bond          Angle       G96Angle    Proper Dih.          LJ-14
    5.32632e+04    3.44034e+04    1.94494e+04    3.58944e+04   -3.02282e+05
     Coulomb-14        LJ (SR)   Coulomb (SR)      Potential    Kinetic En.
    0.00000e+00   -4.99428e+06   -3.94706e+04   -5.19302e+06    8.08461e+05
   Total Energy  Conserved En.    Temperature Pressure (bar)   Constr. rmsd
   -4.38456e+06   -4.30815e+06    3.03150e+02    6.91814e+00    1.52170e-05

           Step           Time
           8000       44.00000

   Energies (kJ/mol)
           Bond          Angle       G96Angle    Proper Dih.          LJ-14
    5.39890e+04    3.43886e+04    1.87924e+04    3.57307e+04   -3.02714e+05
     Coulomb-14        LJ (SR)   Coulomb (SR)      Potential    Kinetic En.
    0.00000e+00   -4.99638e+06   -3.95521e+04   -5.19575e+06    8.05073e+05
   Total Energy  Conserved En.    Temperature Pressure (bar)   Constr. rmsd
   -4.39067e+06   -4.30810e+06    3.01880e+02   -8.34396e+00    1.57984e-05

           Step           Time
           9000       49.50000

   Energies (kJ/mol)
           Bond          Angle       G96Angle    Proper Dih.          LJ-14
    5.35608e+04    3.38644e+04    1.92621e+04    3.60642e+04   -3.02395e+05
     Coulomb-14        LJ (SR)   Coulomb (SR)      Potential    Kinetic En.
    0.00000e+00   -4.99713e+06   -3.95402e+04   -5.19632e+06    8.06616e+05
   Total Energy  Conserved En.    Temperature Pressure (bar)   Constr. rmsd
   -4.38970e+06   -4.30801e+06    3.02458e+02   -1.18907e+01    1.83011e-05

           Step           Time
          10000       55.00000

   Energies (kJ/mol)
           Bond          Angle       G96Angle    Proper Dih.          LJ-14
    5.35706e+04    3.41803e+04    1.93491e+04    3.58258e+04   -3.02548e+05
     Coulomb-14        LJ (SR)   Coulomb (SR)      Potential    Kinetic En.
    0.00000e+00   -4.99309e+06   -3.95376e+04   -5.19225e+06    8.02991e+05
   Total Energy  Conserved En.    Temperature Pressure (bar)   Constr. rmsd
   -4.38926e+06   -4.30791e+06    3.01099e+02   -1.48208e+01    1.62144e-05

           Step           Time
          11000       60.50000

   Energies (kJ/mol)
           Bond          Angle       G96Angle    Proper Dih.          LJ-14
    5.41771e+04    3.40694e+04    1.95505e+04    3.59251e+04   -3.02114e+05
     Coulomb-14        LJ (SR)   Coulomb (SR)      Potential    Kinetic En.
    0.00000e+00   -4.99465e+06   -3.95928e+04   -5.19264e+06    8.05597e+05
   Total Energy  Conserved En.    Temperature Pressure (bar)   Constr. rmsd
   -4.38704e+06   -4.30766e+06    3.02076e+02   -3.69011e+00    1.75142e-05

           Step           Time
          12000       66.00000

   Energies (kJ/mol)
           Bond          Angle       G96Angle    Proper Dih.          LJ-14
    5.36426e+04    3.37477e+04    1.91931e+04    3.56990e+04   -3.02005e+05
     Coulomb-14        LJ (SR)   Coulomb (SR)      Potential    Kinetic En.
    0.00000e+00   -4.99710e+06   -3.95457e+04   -5.19637e+06    8.06512e+05
   Total Energy  Conserved En.    Temperature Pressure (bar)   Constr. rmsd
   -4.38985e+06   -4.30751e+06    3.02419e+02   -1.11394e+01    1.82263e-05

           Step           Time
          13000       71.50000

   Energies (kJ/mol)
           Bond          Angle       G96Angle    Proper Dih.          LJ-14
    5.37044e+04    3.40057e+04    1.92551e+04    3.58340e+04   -3.01684e+05
     Coulomb-14        LJ (SR)   Coulomb (SR)      Potential    Kinetic En.
    0.00000e+00   -4.99422e+06   -3.95624e+04   -5.19267e+06    8.05611e+05
   Total Energy  Conserved En.    Temperature Pressure (bar)   Constr. rmsd
   -4.38706e+06   -4.30743e+06    3.02081e+02   -5.80257e+00    1.96822e-05

           Step           Time
          14000       77.00000

   Energies (kJ/mol)
           Bond          Angle       G96Angle    Proper Dih.          LJ-14
    5.38857e+04    3.40033e+04    1.93232e+04    3.54953e+04   -3.02080e+05
     Coulomb-14        LJ (SR)   Coulomb (SR)      Potential    Kinetic En.
    0.00000e+00   -4.99267e+06   -3.96162e+04   -5.19166e+06    8.05000e+05
   Total Energy  Conserved En.    Temperature Pressure (bar)   Constr. rmsd
   -4.38666e+06   -4.30701e+06    3.01852e+02    5.73508e+00    1.99790e-05

           Step           Time
          15000       82.50000

   Energies (kJ/mol)
           Bond          Angle       G96Angle    Proper Dih.          LJ-14
    5.39865e+04    3.41717e+04    1.93152e+04    3.56962e+04   -3.02607e+05
     Coulomb-14        LJ (SR)   Coulomb (SR)      Potential    Kinetic En.
    0.00000e+00   -4.99199e+06   -3.94827e+04   -5.19091e+06    8.09600e+05
   Total Energy  Conserved En.    Temperature Pressure (bar)   Constr. rmsd
   -4.38131e+06   -4.30662e+06    3.03577e+02    1.22375e+01    1.72178e-05

           Step           Time
          16000       88.00000

   Energies (kJ/mol)
           Bond          Angle       G96Angle    Proper Dih.          LJ-14
    5.40218e+04    3.43125e+04    1.96180e+04    3.57747e+04   -3.02124e+05
     Coulomb-14        LJ (SR)   Coulomb (SR)      Potential    Kinetic En.
    0.00000e+00   -4.99432e+06   -3.94482e+04   -5.19216e+06    8.08963e+05
   Total Energy  Conserved En.    Temperature Pressure (bar)   Constr. rmsd
   -4.38320e+06   -4.30671e+06    3.03338e+02    3.04748e+00    2.11549e-05

           Step           Time
          17000       93.50000

   Energies (kJ/mol)
           Bond          Angle       G96Angle    Proper Dih.          LJ-14
    5.38478e+04    3.36990e+04    1.94880e+04    3.53375e+04   -3.02484e+05
     Coulomb-14        LJ (SR)   Coulomb (SR)      Potential    Kinetic En.
    0.00000e+00   -4.99299e+06   -3.94354e+04   -5.19253e+06    8.10745e+05
   Total Energy  Conserved En.    Temperature Pressure (bar)   Constr. rmsd
   -4.38179e+06   -4.30689e+06    3.04006e+02    6.84775e+00    1.77144e-05

           Step           Time
          18000       99.00000

   Energies (kJ/mol)
           Bond          Angle       G96Angle    Proper Dih.          LJ-14
    5.42739e+04    3.43135e+04    1.93314e+04    3.52761e+04   -3.02414e+05
     Coulomb-14        LJ (SR)   Coulomb (SR)      Potential    Kinetic En.
    0.00000e+00   -4.99768e+06   -3.95323e+04   -5.19643e+06    8.11368e+05
   Total Energy  Conserved En.    Temperature Pressure (bar)   Constr. rmsd
   -4.38506e+06   -4.30676e+06    3.04240e+02    1.45086e+01    1.92299e-05

           Step           Time
          19000      104.50000

   Energies (kJ/mol)
           Bond          Angle       G96Angle    Proper Dih.          LJ-14
    5.30977e+04    3.43844e+04    1.93710e+04    3.50917e+04   -3.02953e+05
     Coulomb-14        LJ (SR)   Coulomb (SR)      Potential    Kinetic En.
    0.00000e+00   -4.99802e+06   -3.95312e+04   -5.19856e+06    8.06282e+05
   Total Energy  Conserved En.    Temperature Pressure (bar)   Constr. rmsd
   -4.39227e+06   -4.30674e+06    3.02333e+02    1.23755e+01    1.78101e-05

           Step           Time
          20000      110.00000

   Energies (kJ/mol)
           Bond          Angle       G96Angle    Proper Dih.          LJ-14
    5.38430e+04    3.40286e+04    1.93438e+04    3.48803e+04   -3.02127e+05
     Coulomb-14        LJ (SR)   Coulomb (SR)      Potential    Kinetic En.
    0.00000e+00   -4.99681e+06   -3.95703e+04   -5.19641e+06    8.09834e+05
   Total Energy  Conserved En.    Temperature Pressure (bar)   Constr. rmsd
   -4.38658e+06   -4.30661e+06    3.03665e+02    1.22527e+01    1.89462e-05

           Step           Time
          21000      115.50000

   Energies (kJ/mol)
           Bond          Angle       G96Angle    Proper Dih.          LJ-14
    5.39791e+04    3.40672e+04    1.93383e+04    3.52552e+04   -3.02812e+05
     Coulomb-14        LJ (SR)   Coulomb (SR)      Potential    Kinetic En.
    0.00000e+00   -4.99446e+06   -3.95296e+04   -5.19417e+06    8.08232e+05
   Total Energy  Conserved En.    Temperature Pressure (bar)   Constr. rmsd
   -4.38593e+06   -4.30650e+06    3.03064e+02    8.69542e+00    1.90221e-05

           Step           Time
          22000      121.00000

   Energies (kJ/mol)
           Bond          Angle       G96Angle    Proper Dih.          LJ-14
    5.30340e+04    3.37954e+04    1.93342e+04    3.51444e+04   -3.02109e+05
     Coulomb-14        LJ (SR)   Coulomb (SR)      Potential    Kinetic En.
    0.00000e+00   -4.99857e+06   -3.96043e+04   -5.19897e+06    8.09478e+05
   Total Energy  Conserved En.    Temperature Pressure (bar)   Constr. rmsd
   -4.38949e+06   -4.30640e+06    3.03531e+02   -7.85824e+00    2.14228e-05

           Step           Time
          23000      126.50000

   Energies (kJ/mol)
           Bond          Angle       G96Angle    Proper Dih.          LJ-14
    5.34163e+04    3.41498e+04    1.95818e+04    3.52006e+04   -3.02837e+05
     Coulomb-14        LJ (SR)   Coulomb (SR)      Potential    Kinetic En.
    0.00000e+00   -4.99638e+06   -3.98150e+04   -5.19669e+06    8.06484e+05
   Total Energy  Conserved En.    Temperature Pressure (bar)   Constr. rmsd
   -4.39020e+06   -4.30625e+06    3.02409e+02    1.02703e+00    1.65735e-05

           Step           Time
          24000      132.00000

   Energies (kJ/mol)
           Bond          Angle       G96Angle    Proper Dih.          LJ-14
    5.35988e+04    3.37560e+04    1.93488e+04    3.56874e+04   -3.02600e+05
     Coulomb-14        LJ (SR)   Coulomb (SR)      Potential    Kinetic En.
    0.00000e+00   -5.00132e+06   -3.96052e+04   -5.20113e+06    8.10631e+05
   Total Energy  Conserved En.    Temperature Pressure (bar)   Constr. rmsd
   -4.39050e+06   -4.30628e+06    3.03964e+02    1.04544e+01    1.80500e-05

           Step           Time
          25000      137.50000

   Energies (kJ/mol)
           Bond          Angle       G96Angle    Proper Dih.          LJ-14
    5.37007e+04    3.39977e+04    1.92534e+04    3.55598e+04   -3.02262e+05
     Coulomb-14        LJ (SR)   Coulomb (SR)      Potential    Kinetic En.
    0.00000e+00   -4.99605e+06   -3.96523e+04   -5.19545e+06    8.06496e+05
   Total Energy  Conserved En.    Temperature Pressure (bar)   Constr. rmsd
   -4.38896e+06   -4.30596e+06    3.02413e+02    1.94363e+01    1.74489e-05

           Step           Time
          26000      143.00000

   Energies (kJ/mol)
           Bond          Angle       G96Angle    Proper Dih.          LJ-14
    5.34889e+04    3.36598e+04    1.92287e+04    3.52006e+04   -3.02015e+05
     Coulomb-14        LJ (SR)   Coulomb (SR)      Potential    Kinetic En.
    0.00000e+00   -4.99920e+06   -3.95604e+04   -5.19919e+06    8.09539e+05
   Total Energy  Conserved En.    Temperature Pressure (bar)   Constr. rmsd
   -4.38966e+06   -4.30601e+06    3.03554e+02    2.52378e+01    1.52826e-05

           Step           Time
          27000      148.50000

   Energies (kJ/mol)
           Bond          Angle       G96Angle    Proper Dih.          LJ-14
    5.35647e+04    3.36132e+04    1.94366e+04    3.49348e+04   -3.02100e+05
     Coulomb-14        LJ (SR)   Coulomb (SR)      Potential    Kinetic En.
    0.00000e+00   -5.00076e+06   -3.95464e+04   -5.20086e+06    8.09215e+05
   Total Energy  Conserved En.    Temperature Pressure (bar)   Constr. rmsd
   -4.39164e+06   -4.30590e+06    3.03433e+02    1.50570e+01    1.85624e-05

           Step           Time
          28000      154.00000

   Energies (kJ/mol)
           Bond          Angle       G96Angle    Proper Dih.          LJ-14
    5.32501e+04    3.34292e+04    1.95782e+04    3.48628e+04   -3.02655e+05
     Coulomb-14        LJ (SR)   Coulomb (SR)      Potential    Kinetic En.
    0.00000e+00   -4.99884e+06   -3.95225e+04   -5.19989e+06    8.09762e+05
   Total Energy  Conserved En.    Temperature Pressure (bar)   Constr. rmsd
   -4.39013e+06   -4.30578e+06    3.03638e+02    8.00352e+00    1.77241e-05

           Step           Time
          29000      159.50000

   Energies (kJ/mol)
           Bond          Angle       G96Angle    Proper Dih.          LJ-14
    5.38249e+04    3.36903e+04    1.95491e+04    3.47491e+04   -3.02305e+05
     Coulomb-14        LJ (SR)   Coulomb (SR)      Potential    Kinetic En.
    0.00000e+00   -4.99830e+06   -3.97055e+04   -5.19849e+06    8.10722e+05
   Total Energy  Conserved En.    Temperature Pressure (bar)   Constr. rmsd
   -4.38777e+06   -4.30560e+06    3.03998e+02   -5.74855e-01    2.06872e-05

           Step           Time
          30000      165.00000

   Energies (kJ/mol)
           Bond          Angle       G96Angle    Proper Dih.          LJ-14
    5.36492e+04    3.35046e+04    1.94737e+04    3.46066e+04   -3.02728e+05
     Coulomb-14        LJ (SR)   Coulomb (SR)      Potential    Kinetic En.
    0.00000e+00   -4.99607e+06   -3.95137e+04   -5.19707e+06    8.08012e+05
   Total Energy  Conserved En.    Temperature Pressure (bar)   Constr. rmsd
   -4.38906e+06   -4.30561e+06    3.02982e+02   -1.38334e+01    1.72742e-05

           Step           Time
          31000      170.50000

   Energies (kJ/mol)
           Bond          Angle       G96Angle    Proper Dih.          LJ-14
    5.36999e+04    3.35791e+04    1.94204e+04    3.46091e+04   -3.02745e+05
     Coulomb-14        LJ (SR)   Coulomb (SR)      Potential    Kinetic En.
    0.00000e+00   -4.99990e+06   -3.95489e+04   -5.20089e+06    8.05527e+05
   Total Energy  Conserved En.    Temperature Pressure (bar)   Constr. rmsd
   -4.39536e+06   -4.30561e+06    3.02050e+02   -1.83635e+01    1.84783e-05

           Step           Time
          32000      176.00000

   Energies (kJ/mol)
           Bond          Angle       G96Angle    Proper Dih.          LJ-14
    5.34236e+04    3.42625e+04    1.92933e+04    3.45251e+04   -3.02655e+05
     Coulomb-14        LJ (SR)   Coulomb (SR)      Potential    Kinetic En.
    0.00000e+00   -4.99504e+06   -3.96411e+04   -5.19583e+06    8.06341e+05
   Total Energy  Conserved En.    Temperature Pressure (bar)   Constr. rmsd
   -4.38949e+06   -4.30548e+06    3.02355e+02   -1.96834e+01    1.83682e-05

           Step           Time
          33000      181.50000

   Energies (kJ/mol)
           Bond          Angle       G96Angle    Proper Dih.          LJ-14
    5.34955e+04    3.33945e+04    1.92836e+04    3.47415e+04   -3.02598e+05
     Coulomb-14        LJ (SR)   Coulomb (SR)      Potential    Kinetic En.
    0.00000e+00   -4.99281e+06   -3.96319e+04   -5.19412e+06    8.08250e+05
   Total Energy  Conserved En.    Temperature Pressure (bar)   Constr. rmsd
   -4.38587e+06   -4.30538e+06    3.03071e+02   -7.51847e+00    1.69606e-05

           Step           Time
          34000      187.00000

   Energies (kJ/mol)
           Bond          Angle       G96Angle    Proper Dih.          LJ-14
    5.40375e+04    3.36132e+04    1.94425e+04    3.48151e+04   -3.02633e+05
     Coulomb-14        LJ (SR)   Coulomb (SR)      Potential    Kinetic En.
    0.00000e+00   -4.99350e+06   -3.99384e+04   -5.19417e+06    8.05468e+05
   Total Energy  Conserved En.    Temperature Pressure (bar)   Constr. rmsd
   -4.38870e+06   -4.30530e+06    3.02028e+02   -7.45416e+00    1.66399e-05

           Step           Time
          35000      192.50000

   Energies (kJ/mol)
           Bond          Angle       G96Angle    Proper Dih.          LJ-14
    5.35996e+04    3.40894e+04    1.94722e+04    3.47393e+04   -3.03038e+05
     Coulomb-14        LJ (SR)   Coulomb (SR)      Potential    Kinetic En.
    0.00000e+00   -4.99369e+06   -3.99385e+04   -5.19476e+06    8.08129e+05
   Total Energy  Conserved En.    Temperature Pressure (bar)   Constr. rmsd
   -4.38663e+06   -4.30521e+06    3.03025e+02    3.67614e+00    1.97506e-05

           Step           Time
          36000      198.00000

   Energies (kJ/mol)
           Bond          Angle       G96Angle    Proper Dih.          LJ-14
    5.34886e+04    3.33489e+04    1.91038e+04    3.49378e+04   -3.02760e+05
     Coulomb-14        LJ (SR)   Coulomb (SR)      Potential    Kinetic En.
    0.00000e+00   -4.99839e+06   -3.97433e+04   -5.20001e+06    8.07884e+05
   Total Energy  Conserved En.    Temperature Pressure (bar)   Constr. rmsd
   -4.39213e+06   -4.30512e+06    3.02934e+02    1.85747e+00    1.77850e-05

           Step           Time
          37000      203.50000

   Energies (kJ/mol)
           Bond          Angle       G96Angle    Proper Dih.          LJ-14
    5.41953e+04    3.41940e+04    1.91429e+04    3.46609e+04   -3.03256e+05
     Coulomb-14        LJ (SR)   Coulomb (SR)      Potential    Kinetic En.
    0.00000e+00   -4.99520e+06   -3.99137e+04   -5.19618e+06    8.09438e+05
   Total Energy  Conserved En.    Temperature Pressure (bar)   Constr. rmsd
   -4.38674e+06   -4.30503e+06    3.03516e+02    1.56841e+01    1.95328e-05

           Step           Time
          38000      209.00000

   Energies (kJ/mol)
           Bond          Angle       G96Angle    Proper Dih.          LJ-14
    5.33116e+04    3.39128e+04    1.90484e+04    3.45429e+04   -3.02404e+05
     Coulomb-14        LJ (SR)   Coulomb (SR)      Potential    Kinetic En.
    0.00000e+00   -4.99696e+06   -3.98004e+04   -5.19834e+06    8.08256e+05
   Total Energy  Conserved En.    Temperature Pressure (bar)   Constr. rmsd
   -4.39009e+06   -4.30493e+06    3.03073e+02    1.88761e+01    1.75978e-05

           Step           Time
          39000      214.50000

   Energies (kJ/mol)
           Bond          Angle       G96Angle    Proper Dih.          LJ-14
    5.41953e+04    3.41272e+04    1.94527e+04    3.46941e+04   -3.03025e+05
     Coulomb-14        LJ (SR)   Coulomb (SR)      Potential    Kinetic En.
    0.00000e+00   -4.99802e+06   -3.97610e+04   -5.19834e+06    8.11658e+05
   Total Energy  Conserved En.    Temperature Pressure (bar)   Constr. rmsd
   -4.38668e+06   -4.30482e+06    3.04349e+02    1.45278e+01    1.55193e-05

           Step           Time
          40000      220.00000

   Energies (kJ/mol)
           Bond          Angle       G96Angle    Proper Dih.          LJ-14
    5.33476e+04    3.42276e+04    1.92432e+04    3.43908e+04   -3.02837e+05
     Coulomb-14        LJ (SR)   Coulomb (SR)      Potential    Kinetic En.
    0.00000e+00   -4.99657e+06   -3.97454e+04   -5.19794e+06    8.11504e+05
   Total Energy  Conserved En.    Temperature Pressure (bar)   Constr. rmsd
   -4.38644e+06   -4.30472e+06    3.04291e+02    1.81212e+01    1.91913e-05

           Step           Time
          41000      225.50000

   Energies (kJ/mol)
           Bond          Angle       G96Angle    Proper Dih.          LJ-14
    5.30886e+04    3.33977e+04    1.93117e+04    3.44340e+04   -3.02703e+05
     Coulomb-14        LJ (SR)   Coulomb (SR)      Potential    Kinetic En.
    0.00000e+00   -4.99619e+06   -3.99222e+04   -5.19858e+06    8.07539e+05
   Total Energy  Conserved En.    Temperature Pressure (bar)   Constr. rmsd
   -4.39104e+06   -4.30462e+06    3.02804e+02    2.01338e+01    1.84537e-05

           Step           Time
          42000      231.00000

   Energies (kJ/mol)
           Bond          Angle       G96Angle    Proper Dih.          LJ-14
    5.28405e+04    3.36616e+04    1.91486e+04    3.44478e+04   -3.03073e+05
     Coulomb-14        LJ (SR)   Coulomb (SR)      Potential    Kinetic En.
    0.00000e+00   -4.99889e+06   -3.99116e+04   -5.20178e+06    8.06843e+05
   Total Energy  Conserved En.    Temperature Pressure (bar)   Constr. rmsd
   -4.39494e+06   -4.30453e+06    3.02543e+02   -4.98126e+00    1.67431e-05

           Step           Time
          43000      236.50000

   Energies (kJ/mol)
           Bond          Angle       G96Angle    Proper Dih.          LJ-14
    5.33415e+04    3.36298e+04    1.91233e+04    3.46833e+04   -3.02737e+05
     Coulomb-14        LJ (SR)   Coulomb (SR)      Potential    Kinetic En.
    0.00000e+00   -4.99847e+06   -3.98035e+04   -5.20023e+06    8.06312e+05
   Total Energy  Conserved En.    Temperature Pressure (bar)   Constr. rmsd
   -4.39392e+06   -4.30443e+06    3.02344e+02   -1.73159e+01    1.67176e-05

           Step           Time
          44000      242.00000

   Energies (kJ/mol)
           Bond          Angle       G96Angle    Proper Dih.          LJ-14
    5.35909e+04    3.38909e+04    1.91626e+04    3.38770e+04   -3.02499e+05
     Coulomb-14        LJ (SR)   Coulomb (SR)      Potential    Kinetic En.
    0.00000e+00   -4.99624e+06   -3.99592e+04   -5.19817e+06    8.06303e+05
   Total Energy  Conserved En.    Temperature Pressure (bar)   Constr. rmsd
   -4.39187e+06   -4.30434e+06    3.02341e+02   -1.86304e+01    1.91683e-05

           Step           Time
          45000      247.50000

   Energies (kJ/mol)
           Bond          Angle       G96Angle    Proper Dih.          LJ-14
    5.32090e+04    3.41967e+04    1.90397e+04    3.47423e+04   -3.02554e+05
     Coulomb-14        LJ (SR)   Coulomb (SR)      Potential    Kinetic En.
    0.00000e+00   -4.99374e+06   -3.97946e+04   -5.19490e+06    8.04439e+05
   Total Energy  Conserved En.    Temperature Pressure (bar)   Constr. rmsd
   -4.39046e+06   -4.30424e+06    3.01642e+02   -2.05739e+01    1.96924e-05

           Step           Time
          46000      253.00000

   Energies (kJ/mol)
           Bond          Angle       G96Angle    Proper Dih.          LJ-14
    5.38812e+04    3.37455e+04    1.89179e+04    3.47638e+04   -3.02320e+05
     Coulomb-14        LJ (SR)   Coulomb (SR)      Potential    Kinetic En.
    0.00000e+00   -4.99526e+06   -3.98159e+04   -5.19609e+06    8.07861e+05
   Total Energy  Conserved En.    Temperature Pressure (bar)   Constr. rmsd
   -4.38823e+06   -4.30413e+06    3.02925e+02   -1.44731e+01    1.68639e-05

           Step           Time
          47000      258.50000

   Energies (kJ/mol)
           Bond          Angle       G96Angle    Proper Dih.          LJ-14
    5.35286e+04    3.34865e+04    1.91912e+04    3.42034e+04   -3.02411e+05
     Coulomb-14        LJ (SR)   Coulomb (SR)      Potential    Kinetic En.
    0.00000e+00   -4.99483e+06   -3.98917e+04   -5.19672e+06    8.05325e+05
   Total Energy  Conserved En.    Temperature Pressure (bar)   Constr. rmsd
   -4.39140e+06   -4.30397e+06    3.01974e+02   -1.58827e+01    1.87903e-05

           Step           Time
          48000      264.00000

   Energies (kJ/mol)
           Bond          Angle       G96Angle    Proper Dih.          LJ-14
    5.35328e+04    3.38341e+04    1.92940e+04    3.45041e+04   -3.02985e+05
     Coulomb-14        LJ (SR)   Coulomb (SR)      Potential    Kinetic En.
    0.00000e+00   -4.99562e+06   -3.98693e+04   -5.19731e+06    8.05036e+05
   Total Energy  Conserved En.    Temperature Pressure (bar)   Constr. rmsd
   -4.39228e+06   -4.30393e+06    3.01866e+02   -7.46599e+00    1.87018e-05

           Step           Time
          49000      269.50000

   Energies (kJ/mol)
           Bond          Angle       G96Angle    Proper Dih.          LJ-14
    5.34671e+04    3.35562e+04    1.90578e+04    3.43199e+04   -3.02539e+05
     Coulomb-14        LJ (SR)   Coulomb (SR)      Potential    Kinetic En.
    0.00000e+00   -4.99359e+06   -3.98576e+04   -5.19558e+06    8.03858e+05
   Total Energy  Conserved En.    Temperature Pressure (bar)   Constr. rmsd
   -4.39172e+06   -4.30382e+06    3.01424e+02   -2.42827e+01    1.77741e-05


step 50000: resetting all time and cycle counters
Restarted time on rank 0 Mon May 18 19:45:21 2026

           Step           Time
          50000      275.00000

   Energies (kJ/mol)
           Bond          Angle       G96Angle    Proper Dih.          LJ-14
    5.36308e+04    3.36509e+04    1.91988e+04    3.43212e+04   -3.02209e+05
     Coulomb-14        LJ (SR)   Coulomb (SR)      Potential    Kinetic En.
    0.00000e+00   -4.99560e+06   -3.98701e+04   -5.19688e+06    8.06311e+05
   Total Energy  Conserved En.    Temperature Pressure (bar)   Constr. rmsd
   -4.39057e+06   -4.30366e+06    3.02344e+02   -1.19128e+01    1.64486e-05

           Step           Time
          51000      280.50000

   Energies (kJ/mol)
           Bond          Angle       G96Angle    Proper Dih.          LJ-14
    5.37737e+04    3.37971e+04    1.92480e+04    3.43562e+04   -3.02566e+05
     Coulomb-14        LJ (SR)   Coulomb (SR)      Potential    Kinetic En.
    0.00000e+00   -4.99236e+06   -4.00469e+04   -5.19380e+06    8.05762e+05
   Total Energy  Conserved En.    Temperature Pressure (bar)   Constr. rmsd
   -4.38803e+06   -4.30362e+06    3.02138e+02   -2.01288e+01    1.54455e-05

           Step           Time
          52000      286.00000

   Energies (kJ/mol)
           Bond          Angle       G96Angle    Proper Dih.          LJ-14
    5.34657e+04    3.43430e+04    1.92676e+04    3.40419e+04   -3.02024e+05
     Coulomb-14        LJ (SR)   Coulomb (SR)      Potential    Kinetic En.
    0.00000e+00   -4.99171e+06   -3.99988e+04   -5.19262e+06    8.11085e+05
   Total Energy  Conserved En.    Temperature Pressure (bar)   Constr. rmsd
   -4.38153e+06   -4.30352e+06    3.04134e+02   -1.17164e+01    1.79089e-05

           Step           Time
          53000      291.50000

   Energies (kJ/mol)
           Bond          Angle       G96Angle    Proper Dih.          LJ-14
    5.34380e+04    3.37749e+04    1.91889e+04    3.42741e+04   -3.02663e+05
     Coulomb-14        LJ (SR)   Coulomb (SR)      Potential    Kinetic En.
    0.00000e+00   -4.99337e+06   -3.98445e+04   -5.19520e+06    8.07989e+05
   Total Energy  Conserved En.    Temperature Pressure (bar)   Constr. rmsd
   -4.38722e+06   -4.30345e+06    3.02973e+02   -2.13071e+01    1.64668e-05

           Step           Time
          54000      297.00000

   Energies (kJ/mol)
           Bond          Angle       G96Angle    Proper Dih.          LJ-14
    5.33641e+04    3.39908e+04    1.92588e+04    3.44964e+04   -3.02977e+05
     Coulomb-14        LJ (SR)   Coulomb (SR)      Potential    Kinetic En.
    0.00000e+00   -4.99407e+06   -4.00180e+04   -5.19595e+06    8.06771e+05
   Total Energy  Conserved En.    Temperature Pressure (bar)   Constr. rmsd
   -4.38918e+06   -4.30328e+06    3.02516e+02   -2.78027e+01    1.98915e-05

           Step           Time
          55000      302.50000

   Energies (kJ/mol)
           Bond          Angle       G96Angle    Proper Dih.          LJ-14
    5.26962e+04    3.38583e+04    1.90533e+04    3.42391e+04   -3.03183e+05
     Coulomb-14        LJ (SR)   Coulomb (SR)      Potential    Kinetic En.
    0.00000e+00   -4.99988e+06   -4.00272e+04   -5.20324e+06    8.07576e+05
   Total Energy  Conserved En.    Temperature Pressure (bar)   Constr. rmsd
   -4.39566e+06   -4.30324e+06    3.02818e+02    3.19609e+00    1.95034e-05

           Step           Time
          56000      308.00000

   Energies (kJ/mol)
           Bond          Angle       G96Angle    Proper Dih.          LJ-14
    5.41163e+04    3.33758e+04    1.92347e+04    3.43818e+04   -3.02791e+05
     Coulomb-14        LJ (SR)   Coulomb (SR)      Potential    Kinetic En.
    0.00000e+00   -5.00134e+06   -4.00019e+04   -5.20303e+06    8.07052e+05
   Total Energy  Conserved En.    Temperature Pressure (bar)   Constr. rmsd
   -4.39598e+06   -4.30309e+06    3.02621e+02    3.94999e+00    1.80340e-05

           Step           Time
          57000      313.50000

   Energies (kJ/mol)
           Bond          Angle       G96Angle    Proper Dih.          LJ-14
    5.34652e+04    3.33403e+04    1.92313e+04    3.40674e+04   -3.02939e+05
     Coulomb-14        LJ (SR)   Coulomb (SR)      Potential    Kinetic En.
    0.00000e+00   -4.99523e+06   -4.01476e+04   -5.19821e+06    8.07036e+05
   Total Energy  Conserved En.    Temperature Pressure (bar)   Constr. rmsd
   -4.39118e+06   -4.30302e+06    3.02616e+02   -1.62143e+01    1.50574e-05

           Step           Time
          58000      319.00000

   Energies (kJ/mol)
           Bond          Angle       G96Angle    Proper Dih.          LJ-14
    5.26534e+04    3.32252e+04    1.90380e+04    3.46452e+04   -3.02861e+05
     Coulomb-14        LJ (SR)   Coulomb (SR)      Potential    Kinetic En.
    0.00000e+00   -4.99417e+06   -4.01727e+04   -5.19764e+06    8.06309e+05
   Total Energy  Conserved En.    Temperature Pressure (bar)   Constr. rmsd
   -4.39134e+06   -4.30294e+06    3.02343e+02   -4.98977e+00    1.61186e-05

           Step           Time
          59000      324.50000

   Energies (kJ/mol)
           Bond          Angle       G96Angle    Proper Dih.          LJ-14
    5.31536e+04    3.33346e+04    1.89856e+04    3.41047e+04   -3.02510e+05
     Coulomb-14        LJ (SR)   Coulomb (SR)      Potential    Kinetic En.
    0.00000e+00   -4.99468e+06   -4.00445e+04   -5.19765e+06    8.09253e+05
   Total Energy  Conserved En.    Temperature Pressure (bar)   Constr. rmsd
   -4.38840e+06   -4.30284e+06    3.03447e+02   -1.16376e+01    1.79124e-05

           Step           Time
          60000      330.00000

   Energies (kJ/mol)
           Bond          Angle       G96Angle    Proper Dih.          LJ-14
    5.44989e+04    3.37305e+04    1.92809e+04    3.42430e+04   -3.03098e+05
     Coulomb-14        LJ (SR)   Coulomb (SR)      Potential    Kinetic En.
    0.00000e+00   -4.99242e+06   -4.00578e+04   -5.19383e+06    8.08608e+05
   Total Energy  Conserved En.    Temperature Pressure (bar)   Constr. rmsd
   -4.38522e+06   -4.30263e+06    3.03205e+02   -1.84728e+01    1.62012e-05

           Step           Time
          61000      335.50000

   Energies (kJ/mol)
           Bond          Angle       G96Angle    Proper Dih.          LJ-14
    5.38510e+04    3.36649e+04    1.93041e+04    3.43336e+04   -3.02796e+05
     Coulomb-14        LJ (SR)   Coulomb (SR)      Potential    Kinetic En.
    0.00000e+00   -4.99555e+06   -4.00607e+04   -5.19725e+06    8.09195e+05
   Total Energy  Conserved En.    Temperature Pressure (bar)   Constr. rmsd
   -4.38806e+06   -4.30264e+06    3.03425e+02   -5.81444e+00    1.93921e-05

           Step           Time
          62000      341.00000

   Energies (kJ/mol)
           Bond          Angle       G96Angle    Proper Dih.          LJ-14
    5.25354e+04    3.33387e+04    1.92565e+04    3.40283e+04   -3.02710e+05
     Coulomb-14        LJ (SR)   Coulomb (SR)      Potential    Kinetic En.
    0.00000e+00   -4.99645e+06   -3.99490e+04   -5.19995e+06    8.06444e+05
   Total Energy  Conserved En.    Temperature Pressure (bar)   Constr. rmsd
   -4.39351e+06   -4.30261e+06    3.02394e+02   -1.42560e+01    2.01162e-05

           Step           Time
          63000      346.50000

   Energies (kJ/mol)
           Bond          Angle       G96Angle    Proper Dih.          LJ-14
    5.38542e+04    3.41494e+04    1.94014e+04    3.39315e+04   -3.02758e+05
     Coulomb-14        LJ (SR)   Coulomb (SR)      Potential    Kinetic En.
    0.00000e+00   -4.99892e+06   -3.99095e+04   -5.20025e+06    8.06962e+05
   Total Energy  Conserved En.    Temperature Pressure (bar)   Constr. rmsd
   -4.39329e+06   -4.30247e+06    3.02588e+02    8.52320e-01    2.00021e-05

           Step           Time
          64000      352.00000

   Energies (kJ/mol)
           Bond          Angle       G96Angle    Proper Dih.          LJ-14
    5.32994e+04    3.34776e+04    1.90418e+04    3.40694e+04   -3.02756e+05
     Coulomb-14        LJ (SR)   Coulomb (SR)      Potential    Kinetic En.
    0.00000e+00   -5.00198e+06   -4.01301e+04   -5.20498e+06    8.05292e+05
   Total Energy  Conserved En.    Temperature Pressure (bar)   Constr. rmsd
   -4.39969e+06   -4.30240e+06    3.01962e+02    3.37397e+00    1.81495e-05

           Step           Time
          65000      357.50000

   Energies (kJ/mol)
           Bond          Angle       G96Angle    Proper Dih.          LJ-14
    5.37375e+04    3.34558e+04    1.91721e+04    3.43264e+04   -3.03091e+05
     Coulomb-14        LJ (SR)   Coulomb (SR)      Potential    Kinetic En.
    0.00000e+00   -5.00111e+06   -4.02033e+04   -5.20371e+06    8.04681e+05
   Total Energy  Conserved En.    Temperature Pressure (bar)   Constr. rmsd
   -4.39903e+06   -4.30233e+06    3.01733e+02    8.52324e+00    1.65462e-05

           Step           Time
          66000      363.00000

   Energies (kJ/mol)
           Bond          Angle       G96Angle    Proper Dih.          LJ-14
    5.36116e+04    3.30998e+04    1.93688e+04    3.42914e+04   -3.02438e+05
     Coulomb-14        LJ (SR)   Coulomb (SR)      Potential    Kinetic En.
    0.00000e+00   -4.99977e+06   -3.99914e+04   -5.20183e+06    8.07320e+05
   Total Energy  Conserved En.    Temperature Pressure (bar)   Constr. rmsd
   -4.39451e+06   -4.30227e+06    3.02722e+02   -5.34221e+00    1.93535e-05

           Step           Time
          67000      368.50000

   Energies (kJ/mol)
           Bond          Angle       G96Angle    Proper Dih.          LJ-14
    5.36409e+04    3.35219e+04    1.93461e+04    3.40699e+04   -3.02798e+05
     Coulomb-14        LJ (SR)   Coulomb (SR)      Potential    Kinetic En.
    0.00000e+00   -4.99854e+06   -4.02174e+04   -5.20098e+06    8.09020e+05
   Total Energy  Conserved En.    Temperature Pressure (bar)   Constr. rmsd
   -4.39196e+06   -4.30217e+06    3.03360e+02   -1.00104e+01    1.89886e-05

           Step           Time
          68000      374.00000

   Energies (kJ/mol)
           Bond          Angle       G96Angle    Proper Dih.          LJ-14
    5.27665e+04    3.30130e+04    1.89819e+04    3.39881e+04   -3.02798e+05
     Coulomb-14        LJ (SR)   Coulomb (SR)      Potential    Kinetic En.
    0.00000e+00   -4.99859e+06   -4.01026e+04   -5.20274e+06    8.07162e+05
   Total Energy  Conserved En.    Temperature Pressure (bar)   Constr. rmsd
   -4.39558e+06   -4.30209e+06    3.02663e+02   -6.13277e+00    2.03356e-05

           Step           Time
          69000      379.50000

   Energies (kJ/mol)
           Bond          Angle       G96Angle    Proper Dih.          LJ-14
    5.35472e+04    3.35686e+04    1.88346e+04    3.36683e+04   -3.02391e+05
     Coulomb-14        LJ (SR)   Coulomb (SR)      Potential    Kinetic En.
    0.00000e+00   -4.99871e+06   -4.01126e+04   -5.20159e+06    8.06520e+05
   Total Energy  Conserved En.    Temperature Pressure (bar)   Constr. rmsd
   -4.39507e+06   -4.30199e+06    3.02422e+02   -7.92772e+00    1.97436e-05

           Step           Time
          70000      385.00000

   Energies (kJ/mol)
           Bond          Angle       G96Angle    Proper Dih.          LJ-14
    5.32077e+04    3.41910e+04    1.91526e+04    3.38387e+04   -3.03396e+05
     Coulomb-14        LJ (SR)   Coulomb (SR)      Potential    Kinetic En.
    0.00000e+00   -4.99885e+06   -4.00631e+04   -5.20192e+06    8.07714e+05
   Total Energy  Conserved En.    Temperature Pressure (bar)   Constr. rmsd
   -4.39421e+06   -4.30185e+06    3.02870e+02   -1.07455e+01    1.76736e-05

           Step           Time
          71000      390.50000

   Energies (kJ/mol)
           Bond          Angle       G96Angle    Proper Dih.          LJ-14
    5.35126e+04    3.36959e+04    1.93150e+04    3.39368e+04   -3.02346e+05
     Coulomb-14        LJ (SR)   Coulomb (SR)      Potential    Kinetic En.
    0.00000e+00   -4.99797e+06   -4.00667e+04   -5.19992e+06    8.07053e+05
   Total Energy  Conserved En.    Temperature Pressure (bar)   Constr. rmsd
   -4.39287e+06   -4.30180e+06    3.02622e+02    1.39916e+01    1.99089e-05

           Step           Time
          72000      396.00000

   Energies (kJ/mol)
           Bond          Angle       G96Angle    Proper Dih.          LJ-14
    5.37476e+04    3.34754e+04    1.90841e+04    3.43340e+04   -3.03121e+05
     Coulomb-14        LJ (SR)   Coulomb (SR)      Potential    Kinetic En.
    0.00000e+00   -5.00299e+06   -4.02798e+04   -5.20575e+06    8.06880e+05
   Total Energy  Conserved En.    Temperature Pressure (bar)   Constr. rmsd
   -4.39887e+06   -4.30152e+06    3.02557e+02   -1.16773e+01    1.71169e-05

           Step           Time
          73000      401.50000

   Energies (kJ/mol)
           Bond          Angle       G96Angle    Proper Dih.          LJ-14
    5.37646e+04    3.34128e+04    1.89108e+04    3.37213e+04   -3.02617e+05
     Coulomb-14        LJ (SR)   Coulomb (SR)      Potential    Kinetic En.
    0.00000e+00   -5.00189e+06   -4.02594e+04   -5.20496e+06    8.08548e+05
   Total Energy  Conserved En.    Temperature Pressure (bar)   Constr. rmsd
   -4.39641e+06   -4.30140e+06    3.03183e+02    2.42889e+00    1.84052e-05

           Step           Time
          74000      407.00000

   Energies (kJ/mol)
           Bond          Angle       G96Angle    Proper Dih.          LJ-14
    5.39517e+04    3.32792e+04    1.89180e+04    3.37874e+04   -3.02634e+05
     Coulomb-14        LJ (SR)   Coulomb (SR)      Potential    Kinetic En.
    0.00000e+00   -4.99928e+06   -4.02461e+04   -5.20222e+06    8.07539e+05
   Total Energy  Conserved En.    Temperature Pressure (bar)   Constr. rmsd
   -4.39468e+06   -4.30121e+06    3.02804e+02   -2.65675e+00    1.74148e-05

           Step           Time
          75000      412.50000

   Energies (kJ/mol)
           Bond          Angle       G96Angle    Proper Dih.          LJ-14
    5.33552e+04    3.34842e+04    1.89056e+04    3.39192e+04   -3.02690e+05
     Coulomb-14        LJ (SR)   Coulomb (SR)      Potential    Kinetic En.
    0.00000e+00   -4.99834e+06   -4.02576e+04   -5.20162e+06    8.07159e+05
   Total Energy  Conserved En.    Temperature Pressure (bar)   Constr. rmsd
   -4.39446e+06   -4.30135e+06    3.02662e+02   -2.37166e+00    1.73896e-05

           Step           Time
          76000      418.00000

   Energies (kJ/mol)
           Bond          Angle       G96Angle    Proper Dih.          LJ-14
    5.34723e+04    3.38810e+04    1.93112e+04    3.36381e+04   -3.03006e+05
     Coulomb-14        LJ (SR)   Coulomb (SR)      Potential    Kinetic En.
    0.00000e+00   -5.00073e+06   -4.01532e+04   -5.20359e+06    8.06554e+05
   Total Energy  Conserved En.    Temperature Pressure (bar)   Constr. rmsd
   -4.39704e+06   -4.30128e+06    3.02435e+02    1.30688e+01    1.85474e-05

           Step           Time
          77000      423.50000

   Energies (kJ/mol)
           Bond          Angle       G96Angle    Proper Dih.          LJ-14
    5.35325e+04    3.31102e+04    1.92248e+04    3.39699e+04   -3.02554e+05
     Coulomb-14        LJ (SR)   Coulomb (SR)      Potential    Kinetic En.
    0.00000e+00   -5.00103e+06   -4.01019e+04   -5.20385e+06    8.08106e+05
   Total Energy  Conserved En.    Temperature Pressure (bar)   Constr. rmsd
   -4.39574e+06   -4.30116e+06    3.03017e+02    8.69427e+00    2.06772e-05

           Step           Time
          78000      429.00000

   Energies (kJ/mol)
           Bond          Angle       G96Angle    Proper Dih.          LJ-14
    5.34951e+04    3.28472e+04    1.92467e+04    3.36347e+04   -3.03121e+05
     Coulomb-14        LJ (SR)   Coulomb (SR)      Potential    Kinetic En.
    0.00000e+00   -4.99754e+06   -4.01644e+04   -5.20160e+06    8.06613e+05
   Total Energy  Conserved En.    Temperature Pressure (bar)   Constr. rmsd
   -4.39499e+06   -4.30108e+06    3.02457e+02   -1.14749e+01    1.84492e-05

           Step           Time
          79000      434.50000

   Energies (kJ/mol)
           Bond          Angle       G96Angle    Proper Dih.          LJ-14
    5.36855e+04    3.37880e+04    1.91740e+04    3.37322e+04   -3.02894e+05
     Coulomb-14        LJ (SR)   Coulomb (SR)      Potential    Kinetic En.
    0.00000e+00   -4.99887e+06   -4.01058e+04   -5.20149e+06    8.06142e+05
   Total Energy  Conserved En.    Temperature Pressure (bar)   Constr. rmsd
   -4.39534e+06   -4.30100e+06    3.02281e+02    4.18677e+00    1.69946e-05

           Step           Time
          80000      440.00000

   Energies (kJ/mol)
           Bond          Angle       G96Angle    Proper Dih.          LJ-14
    5.39321e+04    3.30279e+04    1.92169e+04    3.36483e+04   -3.02629e+05
     Coulomb-14        LJ (SR)   Coulomb (SR)      Potential    Kinetic En.
    0.00000e+00   -5.00343e+06   -4.01158e+04   -5.20635e+06    8.04446e+05
   Total Energy  Conserved En.    Temperature Pressure (bar)   Constr. rmsd
   -4.40191e+06   -4.30092e+06    3.01645e+02   -8.03027e+00    1.58781e-05

           Step           Time
          81000      445.50000

   Energies (kJ/mol)
           Bond          Angle       G96Angle    Proper Dih.          LJ-14
    5.30675e+04    3.34723e+04    1.92587e+04    3.40184e+04   -3.03012e+05
     Coulomb-14        LJ (SR)   Coulomb (SR)      Potential    Kinetic En.
    0.00000e+00   -4.99948e+06   -4.00971e+04   -5.20277e+06    8.06541e+05
   Total Energy  Conserved En.    Temperature Pressure (bar)   Constr. rmsd
   -4.39623e+06   -4.30076e+06    3.02430e+02   -1.29759e+00    1.85778e-05

           Step           Time
          82000      451.00000

   Energies (kJ/mol)
           Bond          Angle       G96Angle    Proper Dih.          LJ-14
    5.39883e+04    3.40893e+04    1.89641e+04    3.37706e+04   -3.02694e+05
     Coulomb-14        LJ (SR)   Coulomb (SR)      Potential    Kinetic En.
    0.00000e+00   -4.99761e+06   -4.00626e+04   -5.19955e+06    8.08524e+05
   Total Energy  Conserved En.    Temperature Pressure (bar)   Constr. rmsd
   -4.39103e+06   -4.30073e+06    3.03173e+02   -5.29658e+00    1.78171e-05

           Step           Time
          83000      456.50000

   Energies (kJ/mol)
           Bond          Angle       G96Angle    Proper Dih.          LJ-14
    5.30006e+04    3.34332e+04    1.92331e+04    3.40209e+04   -3.02881e+05
     Coulomb-14        LJ (SR)   Coulomb (SR)      Potential    Kinetic En.
    0.00000e+00   -4.99711e+06   -4.00017e+04   -5.20031e+06    8.06719e+05
   Total Energy  Conserved En.    Temperature Pressure (bar)   Constr. rmsd
   -4.39359e+06   -4.30065e+06    3.02497e+02   -1.83558e+01    1.95185e-05

           Step           Time
          84000      462.00000

   Energies (kJ/mol)
           Bond          Angle       G96Angle    Proper Dih.          LJ-14
    5.33170e+04    3.29679e+04    1.90999e+04    3.41469e+04   -3.02291e+05
     Coulomb-14        LJ (SR)   Coulomb (SR)      Potential    Kinetic En.
    0.00000e+00   -5.00027e+06   -3.99868e+04   -5.20301e+06    8.08048e+05
   Total Energy  Conserved En.    Temperature Pressure (bar)   Constr. rmsd
   -4.39496e+06   -4.30053e+06    3.02995e+02   -1.37754e+01    1.81593e-05

           Step           Time
          85000      467.50000

   Energies (kJ/mol)
           Bond          Angle       G96Angle    Proper Dih.          LJ-14
    5.32501e+04    3.32368e+04    1.88034e+04    3.40736e+04   -3.03091e+05
     Coulomb-14        LJ (SR)   Coulomb (SR)      Potential    Kinetic En.
    0.00000e+00   -4.99489e+06   -3.99398e+04   -5.19856e+06    8.04080e+05
   Total Energy  Conserved En.    Temperature Pressure (bar)   Constr. rmsd
   -4.39448e+06   -4.30044e+06    3.01507e+02   -2.46845e+01    1.92294e-05

           Step           Time
          86000      473.00000

   Energies (kJ/mol)
           Bond          Angle       G96Angle    Proper Dih.          LJ-14
    5.31053e+04    3.32149e+04    1.90201e+04    3.35833e+04   -3.02290e+05
     Coulomb-14        LJ (SR)   Coulomb (SR)      Potential    Kinetic En.
    0.00000e+00   -4.99936e+06   -3.98351e+04   -5.20256e+06    8.05773e+05
   Total Energy  Conserved En.    Temperature Pressure (bar)   Constr. rmsd
   -4.39679e+06   -4.30038e+06    3.02142e+02   -1.15634e+01    2.06980e-05

           Step           Time
          87000      478.50000

   Energies (kJ/mol)
           Bond          Angle       G96Angle    Proper Dih.          LJ-14
    5.38792e+04    3.32054e+04    1.90514e+04    3.36608e+04   -3.02807e+05
     Coulomb-14        LJ (SR)   Coulomb (SR)      Potential    Kinetic En.
    0.00000e+00   -5.00610e+06   -4.00618e+04   -5.20917e+06    8.01777e+05
   Total Energy  Conserved En.    Temperature Pressure (bar)   Constr. rmsd
   -4.40740e+06   -4.30015e+06    3.00644e+02   -1.58175e+01    1.99970e-05

           Step           Time
          88000      484.00000

   Energies (kJ/mol)
           Bond          Angle       G96Angle    Proper Dih.          LJ-14
    5.37264e+04    3.30777e+04    1.87800e+04    3.35318e+04   -3.02357e+05
     Coulomb-14        LJ (SR)   Coulomb (SR)      Potential    Kinetic En.
    0.00000e+00   -5.00335e+06   -4.00233e+04   -5.20661e+06    8.05072e+05
   Total Energy  Conserved En.    Temperature Pressure (bar)   Constr. rmsd
   -4.40154e+06   -4.29999e+06    3.01879e+02   -1.17336e+01    1.99292e-05

           Step           Time
          89000      489.50000

   Energies (kJ/mol)
           Bond          Angle       G96Angle    Proper Dih.          LJ-14
    5.28465e+04    3.31495e+04    1.89381e+04    3.35025e+04   -3.02648e+05
     Coulomb-14        LJ (SR)   Coulomb (SR)      Potential    Kinetic En.
    0.00000e+00   -4.99994e+06   -4.00389e+04   -5.20419e+06    8.07080e+05
   Total Energy  Conserved En.    Temperature Pressure (bar)   Constr. rmsd
   -4.39711e+06   -4.29985e+06    3.02632e+02   -1.20381e+01    1.90077e-05

           Step           Time
          90000      495.00000

   Energies (kJ/mol)
           Bond          Angle       G96Angle    Proper Dih.          LJ-14
    5.31244e+04    3.36672e+04    1.90856e+04    3.32769e+04   -3.02589e+05
     Coulomb-14        LJ (SR)   Coulomb (SR)      Potential    Kinetic En.
    0.00000e+00   -4.99984e+06   -4.01283e+04   -5.20340e+06    8.08706e+05
   Total Energy  Conserved En.    Temperature Pressure (bar)   Constr. rmsd
   -4.39470e+06   -4.29984e+06    3.03242e+02    8.13114e+00    1.96813e-05

           Step           Time
          91000      500.50000

   Energies (kJ/mol)
           Bond          Angle       G96Angle    Proper Dih.          LJ-14
    5.36180e+04    3.34334e+04    1.94016e+04    3.37524e+04   -3.03066e+05
     Coulomb-14        LJ (SR)   Coulomb (SR)      Potential    Kinetic En.
    0.00000e+00   -5.00197e+06   -4.00649e+04   -5.20489e+06    8.07286e+05
   Total Energy  Conserved En.    Temperature Pressure (bar)   Constr. rmsd
   -4.39761e+06   -4.29949e+06    3.02710e+02   -8.32349e+00    1.79440e-05

           Step           Time
          92000      506.00000

   Energies (kJ/mol)
           Bond          Angle       G96Angle    Proper Dih.          LJ-14
    5.27500e+04    3.32346e+04    1.91884e+04    3.40388e+04   -3.02974e+05
     Coulomb-14        LJ (SR)   Coulomb (SR)      Potential    Kinetic En.
    0.00000e+00   -5.00542e+06   -4.00578e+04   -5.20924e+06    8.04794e+05
   Total Energy  Conserved En.    Temperature Pressure (bar)   Constr. rmsd
   -4.40444e+06   -4.29972e+06    3.01775e+02   -1.52497e+01    1.82000e-05

           Step           Time
          93000      511.50000

   Energies (kJ/mol)
           Bond          Angle       G96Angle    Proper Dih.          LJ-14
    5.36636e+04    3.36150e+04    1.91826e+04    3.37058e+04   -3.02432e+05
     Coulomb-14        LJ (SR)   Coulomb (SR)      Potential    Kinetic En.
    0.00000e+00   -4.99927e+06   -3.98978e+04   -5.20143e+06    8.02659e+05
   Total Energy  Conserved En.    Temperature Pressure (bar)   Constr. rmsd
   -4.39877e+06   -4.29951e+06    3.00974e+02   -2.52047e+01    1.71408e-05

           Step           Time
          94000      517.00000

   Energies (kJ/mol)
           Bond          Angle       G96Angle    Proper Dih.          LJ-14
    5.36683e+04    3.32829e+04    1.90065e+04    3.37829e+04   -3.02661e+05
     Coulomb-14        LJ (SR)   Coulomb (SR)      Potential    Kinetic En.
    0.00000e+00   -4.99912e+06   -3.99091e+04   -5.20195e+06    8.08793e+05
   Total Energy  Conserved En.    Temperature Pressure (bar)   Constr. rmsd
   -4.39316e+06   -4.29955e+06    3.03274e+02   -2.84873e+01    1.95026e-05

           Step           Time
          95000      522.50000

   Energies (kJ/mol)
           Bond          Angle       G96Angle    Proper Dih.          LJ-14
    5.32166e+04    3.31036e+04    1.89605e+04    3.38063e+04   -3.02582e+05
     Coulomb-14        LJ (SR)   Coulomb (SR)      Potential    Kinetic En.
    0.00000e+00   -5.00193e+06   -3.99959e+04   -5.20542e+06    8.05260e+05
   Total Energy  Conserved En.    Temperature Pressure (bar)   Constr. rmsd
   -4.40016e+06   -4.29940e+06    3.01950e+02   -1.62077e+01    1.77917e-05

           Step           Time
          96000      528.00000

   Energies (kJ/mol)
           Bond          Angle       G96Angle    Proper Dih.          LJ-14
    5.32261e+04    3.31943e+04    1.92385e+04    3.32674e+04   -3.02858e+05
     Coulomb-14        LJ (SR)   Coulomb (SR)      Potential    Kinetic En.
    0.00000e+00   -4.99788e+06   -4.00352e+04   -5.20184e+06    8.04297e+05
   Total Energy  Conserved En.    Temperature Pressure (bar)   Constr. rmsd
   -4.39754e+06   -4.29930e+06    3.01589e+02   -2.27697e+01    1.91791e-05

           Step           Time
          97000      533.50000

   Energies (kJ/mol)
           Bond          Angle       G96Angle    Proper Dih.          LJ-14
    5.34641e+04    3.36839e+04    1.88683e+04    3.39769e+04   -3.02616e+05
     Coulomb-14        LJ (SR)   Coulomb (SR)      Potential    Kinetic En.
    0.00000e+00   -5.00218e+06   -3.99486e+04   -5.20475e+06    8.05524e+05
   Total Energy  Conserved En.    Temperature Pressure (bar)   Constr. rmsd
   -4.39923e+06   -4.29921e+06    3.02049e+02   -1.20177e+01    1.78800e-05

           Step           Time
          98000      539.00000

   Energies (kJ/mol)
           Bond          Angle       G96Angle    Proper Dih.          LJ-14
    5.40196e+04    3.35655e+04    1.89757e+04    3.33114e+04   -3.02397e+05
     Coulomb-14        LJ (SR)   Coulomb (SR)      Potential    Kinetic En.
    0.00000e+00   -4.99980e+06   -4.00586e+04   -5.20238e+06    8.09506e+05
   Total Energy  Conserved En.    Temperature Pressure (bar)   Constr. rmsd
   -4.39288e+06   -4.29911e+06    3.03542e+02   -8.42791e+00    2.04159e-05

           Step           Time
          99000      544.50000

   Energies (kJ/mol)
           Bond          Angle       G96Angle    Proper Dih.          LJ-14
    5.34569e+04    3.36753e+04    1.91549e+04    3.35713e+04   -3.02575e+05
     Coulomb-14        LJ (SR)   Coulomb (SR)      Potential    Kinetic En.
    0.00000e+00   -4.99958e+06   -3.99994e+04   -5.20229e+06    8.08518e+05
   Total Energy  Conserved En.    Temperature Pressure (bar)   Constr. rmsd
   -4.39378e+06   -4.29902e+06    3.03171e+02    1.19498e+01    1.73326e-05

           Step           Time
         100000      550.00000

   Energies (kJ/mol)
           Bond          Angle       G96Angle    Proper Dih.          LJ-14
    5.38109e+04    3.34115e+04    1.91608e+04    3.35696e+04   -3.02430e+05
     Coulomb-14        LJ (SR)   Coulomb (SR)      Potential    Kinetic En.
    0.00000e+00   -4.99938e+06   -4.00360e+04   -5.20189e+06    8.10450e+05
   Total Energy  Conserved En.    Temperature Pressure (bar)   Constr. rmsd
   -4.39144e+06   -4.29888e+06    3.03896e+02   -2.68032e+00    1.94845e-05


Energy conservation over simulation part #1 of length 550 ps, time 0 to 550 ps
  Conserved energy drift: 8.33e-05 kJ/mol/ps per atom


	<======  ###############  ==>
	<====  A V E R A G E S  ====>
	<==  ###############  ======>

	Statistics over 100001 steps using 1001 frames

   Energies (kJ/mol)
           Bond          Angle       G96Angle    Proper Dih.          LJ-14
    5.35971e+04    3.37539e+04    1.92307e+04    3.45817e+04   -3.02563e+05
     Coulomb-14        LJ (SR)   Coulomb (SR)      Potential    Kinetic En.
    0.00000e+00   -4.99677e+06   -3.98579e+04   -5.19803e+06    8.08299e+05
   Total Energy  Conserved En.    Temperature Pressure (bar)   Constr. rmsd
   -4.38973e+06   -4.30373e+06    3.03089e+02    1.40431e+00    0.00000e+00

          Box-X          Box-Y          Box-Z
    1.46828e+01    1.46828e+01    1.07674e+02

   Total Virial (kJ/mol)
    2.68219e+05    2.66183e+02   -1.53916e+02
    2.66199e+02    2.67554e+05    3.04812e+02
   -1.53934e+02    3.04840e+02    2.69593e+05

   Pressure (bar)
    6.16558e-01   -3.34217e-01    2.11924e-01
   -3.34239e-01    1.40241e+00   -4.50224e-01
    2.11950e-01   -4.50264e-01    2.19395e+00

      T-Protein  T-non-Protein
    3.02853e+02    3.03150e+02


	M E G A - F L O P S   A C C O U N T I N G

 NB=Group-cutoff nonbonded kernels    NxN=N-by-N cluster Verlet kernels
 RF=Reaction-Field  VdW=Van der Waals  QSTab=quadratic-spline table
 W3=SPC/TIP3p  W4=TIP4p (single or pairs)
 V&F=Potential and force  V=Potential only  F=Force only

 Computing:                               M-Number         M-Flops  % Flops
-----------------------------------------------------------------------------
 Pair Search distance check           92486.930512      832382.375     0.5
 NxN RF Elec. + LJ [F]              3935692.265088   149556306.073    97.4
 NxN RF Elec. + LJ [V&F]              39832.970624     2150980.414     1.4
 1,4 nonbonded interactions            1878.637572      169077.381     0.1
 Shift-X                                607.227794        3643.367     0.0
 Bonds                                 1949.138982      114999.200     0.1
 Angles                                2332.846656      391918.238     0.3
 Propers                               1287.475749      294831.947     0.2
 Virial                                 121.662339        2189.922     0.0
 Stop-CM                                121.639794        1216.398     0.0
 Calc-Ekin                              485.830794       13117.431     0.0
 Lincs                                  426.208524       25572.511     0.0
 Lincs-Mat                             2147.442948        8589.772     0.0
 Constraint-V                           852.417048        7671.753     0.0
 Constraint-Vir                           4.270524         102.493     0.0
 Virtual Site N                        1305.926118       19588.892     0.0
-----------------------------------------------------------------------------
 Total                                               153592188.167   100.0
-----------------------------------------------------------------------------


      R E A L   C Y C L E   A N D   T I M E   A C C O U N T I N G

On 1 MPI rank, each using 20 OpenMP threads

 Activity:              Num   Num      Call    Wall time         Giga-Cycles
                        Ranks Threads  Count      (s)         total sum    %
--------------------------------------------------------------------------------
 Vsite constr.             1   20      50001       9.274        491.507   4.8
 Neighbor search           1   20       2501      34.460       1826.390  18.0
 Launch PP GPU ops.        1   20      97501       2.950        156.328   1.5
 Force                     1   20      50001      41.815       2216.215  21.8
 Wait GPU NB local         1   20      50001       0.022          1.160   0.0
 Wait GPU state copy       1   20      49500      11.624        616.098   6.1
 NB X/F buffer ops.        1   20        501       0.191         10.118   0.1
 Vsite spread              1   20      50001      13.744        728.432   7.2
 Write traj.               1   20         51       0.189          9.995   0.1
 Update                    1   20      50001      20.419       1082.229  10.7
 Constraints               1   20      50001      54.691       2898.634  28.5
 Kinetic energy            1   20       2001       0.630         33.380   0.3
 Rest                                              1.707         90.465   0.9
--------------------------------------------------------------------------------
 Total                                           191.715      10160.950 100.0
--------------------------------------------------------------------------------

NOTE: 18 % of the run time was spent in pair search,
      you might want to increase nstlist (this has no effect on accuracy)

               Core t (s)   Wall t (s)        (%)
       Time:     3834.278      191.715     2000.0
                 (ns/day)    (hour/ns)    (ms/step)  (Matom*steps/s) 
Performance:      123.936        0.194        3.834           63.323 
Finished mdrun on rank 0 Mon May 18 19:48:32 2026

